// Jest Snapshot v1, https://goo.gl/fbAQLP

exports[`testing compoenent WeatherSearch renders without crashing 1`] = `ShallowWrapper {}`;
