// Jest Snapshot v1, https://goo.gl/fbAQLP

exports[`Renders correctly WeatherDetails component renders without crashing 1`] = `ShallowWrapper {}`;
